H1-HDF_TRIGGER_MERGE_FULL_DATA-1438218818-1100000.hdf /home/saml.insley/4det/rerun1/output/full_data/H1-HDF_TRIGGER_MERGE_FULL_DATA-1438218818-1100000.hdf pool="local"
K1-HDF_TRIGGER_MERGE_FULL_DATA-1438218818-1100000.hdf /home/saml.insley/4det/rerun1/output/full_data/K1-HDF_TRIGGER_MERGE_FULL_DATA-1438218818-1100000.hdf pool="local"
L1-HDF_TRIGGER_MERGE_FULL_DATA-1438218818-1100000.hdf /home/saml.insley/4det/rerun1/output/full_data/L1-HDF_TRIGGER_MERGE_FULL_DATA-1438218818-1100000.hdf pool="local"
V1-HDF_TRIGGER_MERGE_FULL_DATA-1438218818-1100000.hdf /home/saml.insley/4det/rerun1/output/full_data/V1-HDF_TRIGGER_MERGE_FULL_DATA-1438218818-1100000.hdf pool="local"
H1-HDF_TRIGGER_MERGE_BBHSEOBNRV4_INJ_INJECTIONS-1438218818-1100000.hdf /home/saml.insley/4det/rerun1/output/BBHSEOBNRV4_INJ_coinc/H1-HDF_TRIGGER_MERGE_BBHSEOBNRV4_INJ_INJECTIONS-1438218818-1100000.hdf pool="local"
K1-HDF_TRIGGER_MERGE_BBHSEOBNRV4_INJ_INJECTIONS-1438218818-1100000.hdf /home/saml.insley/4det/rerun1/output/BBHSEOBNRV4_INJ_coinc/K1-HDF_TRIGGER_MERGE_BBHSEOBNRV4_INJ_INJECTIONS-1438218818-1100000.hdf pool="local"
L1-HDF_TRIGGER_MERGE_BBHSEOBNRV4_INJ_INJECTIONS-1438218818-1100000.hdf /home/saml.insley/4det/rerun1/output/BBHSEOBNRV4_INJ_coinc/L1-HDF_TRIGGER_MERGE_BBHSEOBNRV4_INJ_INJECTIONS-1438218818-1100000.hdf pool="local"
V1-HDF_TRIGGER_MERGE_BBHSEOBNRV4_INJ_INJECTIONS-1438218818-1100000.hdf /home/saml.insley/4det/rerun1/output/BBHSEOBNRV4_INJ_coinc/V1-HDF_TRIGGER_MERGE_BBHSEOBNRV4_INJ_INJECTIONS-1438218818-1100000.hdf pool="local"